■■■오라클 접속 및 구동 ■■■
(명령 프롬프트 상태에서)

**필요한 구성/권한과 롤을 직접 구성할 수 있는 수준은 되어야해.
**오라클 서버의 ip,id,password만 주어지면 실무를 할 수 있어야한다. 
**주의) Windows 계정 이름은 한글이름 하면 안됨

○접속된 사용자 없이 단순히 SQL 프롬프트만 띄우도록 한 것

r

/*
SQL*Plus: Release 11.2.0.2.0 Production on 수 8월 25 11:33:34 2021

Copyright (c) 1982, 2014, Oracle.  All rights reserved.

SQL>
*/

--※sqlplus는 SQL(Structed Query Language)을 수행하기 위해 ORACLE에서 제공하는 도구(tool, utility)
                    문법적으로 맞게 쓰여 물어보는 언어


환경변수 path에 오라클이 등록되어있어서
어디서 불러도 오라클이 뜨는거야

C:\oracle\app\oracle\product\11.2.0\server\bin
에 존재하는 sqlplus.exe
이미 이 결로가 환경변수 path에 등록되어 있으므로
해당 경로까지 찾아들어가지 않아도 C:\sqlplus와 같이 명령어 사용이 가능한 상태인것이다.

※SQL 프롬프트 상태에선 일반적인 도스 명령어(윈도우 명령어)를 수행할 수 없다(수행 불가)

○ 첫 번째 관리자 계정인 admin으로 연결해본다.
C:\Users\Admin>sqlplus sys/java006$ as sysdba
                                                    --------가장 많은 권한

windows -Administrator
MS-SQL server - SA
Oracle Server - SYS

○접속한 사용자 조회
SQL> show user
USER is "SYS"
※현재 우리는 sys 계정을 통해 오라클 최고 관리자 권한을 가진 상태에서
오라클 서버에 접속한 상태이다.

(명령프롬프트...블럭처리하고 엔터하면 복사됨/나눔고딕코딩,,다운받기)

○오라클 서버 인스턴스 상태 조회(사용가능상태 여부 확인)
SQL> select status from v$instance;

STATUS
------------------------
OPEN
-->오라클 서버가 정상적으로 startup 되었음을 의미

○두번째로 일반 사용자 계정인 hr로 연결을 시도
관리자
운영자
   :
   :
일반사용자 hr    //lion이라는 패스워드 사용
일반사용자 scott//tiger라는 패스워드 사용
//일반사용자 계정을 통해 테스트를 해보면 된다.

C:\Users\Admin>sqlplus hr/lion

SQL*Plus: Release 11.2.0.2.0 Production on 수 8월 25 12:26:36 2021

Copyright (c) 1982, 2014, Oracle.  All rights reserved.

ERROR:
ORA-28000: the account is locked
-->일반 사용자 계정인 hr이 현재 잠겨있는 상태이므로 
-- 오라클 서버 접속이 불가능한 상태

○sys로 연결해서 lock을 풀어줘야해
C:\Users\Admin>sqlplus sys/java006$ as sysdba

SQL*Plus: Release 11.2.0.2.0 Production on 수 8월 25 12:29:32 2021

Copyright (c) 1982, 2014, Oracle.  All rights reserved.


Connected to:
Oracle Database 11g Express Edition Release 11.2.0.2.0 - 64bit Production

○접속된 사용자 계정 확인
SQL> show user
USER is "SYS"

○오라클 사용자 계정들의 상태 조회(확인) - sys인 상태에서 
select username, account_status from dba_users;

/*
USERNAME                                                 ACCOUNT_STATUS
--------------------------------------------------    ----------------------------------------------------------------
SYS                                                           OPEN
SYSTEM                                                     OPEN
ANONYMOUS                                              OPEN
APEX_PUBLIC_USER                                        LOCKED
FLOWS_FILES                                                LOCKED
APEX_040000                                               LOCKED
OUTLN                                                       EXPIRED & LOCKED
DIP                                                            EXPIRED & LOCKED
ORACLE_OCM                                               EXPIRED & LOCKED
XS$NULL                                                     EXPIRED & LOCKED
MDSYS                                                       EXPIRED & LOCKED
CTXSYS                                                       EXPIRED & LOCKED
DBSNMP                                                     EXPIRED & LOCKED
XDB                                                           EXPIRED & LOCKED
APPQOSSYS                                                 EXPIRED & LOCKED
HR                                                            EXPIRED & LOCKED ◀◀◀◀잠금해제 필요

*/

○ SQL>계정 잠금/ 해제 (sys인 상태에서)
오라클에서의 변경 수정 -> update(대상이 data인 경우)/ alter(대상이 구조나 기능 예)사용자의 기능 변경)
SQL> alter user hr account unlock;
===>User altered.


○ 잠금 해제된 사용자 계정(hr)으로 오라클 접속 시도
빠져나와있을땐 sqlplus 로 연결
sql에서 sys disconnect하고 나서 sql에서 연결하려면 connect sys/java006$ as sysdba
하고 hr 연결

SQL> connect hr/lion ---conn이라고 해도된다. (disconn도 마찬가지)
SQL> disconn

SQL> alter user hr identified by lion;

User altered.
-->hr 계정의 패스워드를 lion으로 설정하겠다.

○ 다시 hr 계정으로 오라클 접속 시도
SQL> conn hr/lion
Connected.

○ 접속된 사용자 계정 확인
SQL> show user
USER is "HR"

○ 현재 오라클 서버의 사용자 계정 상태에 대한 정보 조회
SQL> select username, account_status from dba_users; 
                --------------------------이거 선택(2)
                                                      ----------------이 테이블(표)에서(1)
/*
select username, account_status from dba_users
                                     *
ERROR at line 1:
ORA-00942: table or view does not exist
*/ 이런 이름으로 된 표 없는데??라고 말하는거야. 일반 사용자 계정으로 조회하니까 모른척하는거야. sys랑 달리

○ host 명령어
도스 명령 체계로 전환하거나
라인 단위에서 도스 명령어 입력이 가능하다
예를 들면 host dir, host cls, host ipconfig 등
유닉스 계열에서는 host 명령어 뿐 아니라 !도 사용이 가능하다
하지만 윈도우 계열에서는 host 명령어만 사용이 가능하다
host 상태에서 빠져나갈 경우 exit 명령어를 사용한다. 

SQL> host
Microsoft Windows [Version 10.0.19043.1165]
(c) Microsoft Corporation. All rights reserved.

C:\Users\Admin>ipconfig

Windows IP 구성


이더넷 어댑터 이더넷:

   연결별 DNS 접미사. . . . :
   링크-로컬 IPv6 주소 . . . . : fe80::f9c3:a69f:c972:64c0%8
   IPv4 주소 . . . . . . . . . : 192.168.10.100
   서브넷 마스크 . . . . . . . : 255.255.255.0
   기본 게이트웨이 . . . . . . : 192.168.10.1

C:\Users\Admin>exit

<host를 붙여서 라인단위에서 바로,,, : 라인 단위에서 도스 명령어 입력이 가능하다>
SQL> host ipconfig

Windows IP 구성


이더넷 어댑터 이더넷:

   연결별 DNS 접미사. . . . :
   링크-로컬 IPv6 주소 . . . . : fe80::f9c3:a69f:c972:64c0%8
   IPv4 주소 . . . . . . . . . : 192.168.10.100
   서브넷 마스크 . . . . . . . : 255.255.255.0
   기본 게이트웨이 . . . . . . : 192.168.10.1



sqlplus/ nolog???

control userpasswords2

windows-Administrator<Administrators
oracle -SYS(SYSDBA) <ORA_DBA

※ Administrator가 ORA_DBA 그룹에 포함되어 있을 경우
취약한 보안 정책으로 인해
실무에서는 특별한 경우가 아니고서는 제외시키고 사용해야한다
==> ORA_DBA 그룹에서 윈도우 관리자 계정 제거

※ 제거 이후
SYS 계정 및 패스워드가 일치하지 않으면
오라클 서버에 접속할 수 없는 상태가 된다.

sqlplus sys as sysdba (실무에선 이렇게 쓴다)
conn hr 
==> 이렇게 해야 비밀번호를 화면창에 안보이게 타이핑 할 수 있어

○ hr 사용자 계정에 sysdba 권한 부여하기 → sys가...

grant/revoke 권한 주고/가져오고
SQL> show user
==>USER is "SYS"

SQL> grant sysdba to hr;
==>Grant succeeded.

SQL> conn hr/lion as sysdba
Connected.
SQL> show user
USER is "SYS"

○ sysdba 권한을 부여받기 이전에는 불가능했던
현재 오라클 서버에 존재하는 사용자 계정의 상태 정보 조회
(-> sysdba 권한을 부여받은 hr 계정인 상태로...)
SQL> grant sysdba to hr;

Grant succeeded.

SQL> conn hr/lion as sysdba
Connected.
SQL> show user
USER is "SYS"
SQL> set linesize 500
SQL> select username, account_status from dba_users;

USERNAME                                                     ACCOUNT_STATUS
------------------------------------------------------------ ----------------------------------------------------------------
SYS                                                          OPEN
SYSTEM                                                       OPEN
ANONYMOUS                                                    OPEN
HR                                                           OPEN  (오 오픈으로 바뀜!)
APEX_PUBLIC_USER                                             LOCKED
FLOWS_FILES                                                  LOCKED
APEX_040000                                                  LOCKED
OUTLN                                                        EXPIRED & LOCKED
DIP                                                          EXPIRED & LOCKED
ORACLE_OCM                                                   EXPIRED & LOCKED
XS$NULL                                                      EXPIRED & LOCKED

USERNAME                                                     ACCOUNT_STATUS
------------------------------------------------------------ ----------------------------------------------------------------
MDSYS                                                        EXPIRED & LOCKED
CTXSYS                                                       EXPIRED & LOCKED
DBSNMP                                                       EXPIRED & LOCKED
XDB                                                          EXPIRED & LOCKED
APPQOSSYS                                                    EXPIRED & LOCKED

16 rows selected.

○ hr 사용자 계정에 부여한 sysdba 권한 박탈 → sys가
SQL> conn sys/java006$ as sysdba
==>Connected.
SQL> show user
==>USER is "SYS"
SQL> revoke sysdba from hr;
==>Revoke succeeded.

○ 권한을 박탈한 후 hr 계정을 통해 sysdba 권한으로 접근 시도
SQL> conn hr/lion as sysdba
ERROR:
ORA-01031: insufficient privileges
-->권한 박탈 후 hr은 as sysdba로 접속이 불가능한 상태임을 확인

○ 일반 사용자 계정 hr로 오라클 서버 중지명령 시도
SQL> shutdown immediate
==>ORA-01031: insufficient privileges
--> 즉, 일반 사용자 계정으로 오라클 서버를 중지시킬 수 없다.

○ sys로 접속하여 오라클 서버 중지명령 시도
SQL> shutdown immediate
ORA-01031: insufficient privileges
SQL> conn sys/java006$ as sysdba
Connected.
SQL> show user
USER is "SYS"
SQL> shutdown immediate
/*
Database closed.
Database dismounted.
ORACLE instance shut down.
*/

host cls??? 이건뭐지

○ sys로 접속하여 오라클 서버 구동
SQL> show user
==>USER is "SYS"
SQL> startup
==>
/*
ORACLE instance started.

Total System Global Area 1068937216 bytes
Fixed Size                  2260048 bytes
Variable Size             624952240 bytes
Database Buffers          436207616 bytes
Redo Buffers                5517312 bytes
Database mounted.
Database opened.
*/

※오라클 서버를 시작하는 명령
SQL> startup
※오라클 서버를 중지하는 명령
SQL> shutdown[immediate]
※오라클 서버를 시작/중지하는 명령은
as sysdba 또는 as sysoper로 연결했을 때만 가능하다.

○ hr 사용자 계정에 sysoper 권한 부여하기
SQL> grant sysoper to hr;

Grant succeeded.

(만약 ; 안붙여서 오류 생기면 그때 ;만 타이핑해서 엔터하면된다)

○확인
SQL> conn hr/lion as sysoper
==>Connected.
SQL> show user
==>>USER is "PUBLIC" (접근제어지시자랑 다른 public이라 공공의 기능을 잘 운용하기 위해 할당된 포지션)

○ sysoper의 권한을 가진 hr 계정으로 오라클 서버 중지 명령
SQL> shutdown
==>
/*
Database closed.
Database dismounted.
ORACLE instance shut down.
*/

○ sysoper의 권한을 가진 hr 계정으로 오라클 서버 구동 명령
SQL> startup
==>
/*
ORACLE instance started.
Database mounted.
Database opened.
*/

SQL> select username, account_staus from dba_users
  2  ;
select username, account_staus from dba_users
                                    *
ERROR at line 1:
ORA-00942: table or view does not exist



shutdown : 오라클 서버 중지 ---shutdown immediate : 침해대응,,급박하게 shutdown 할 때
startup : 오라클 서버 구동
(비행기 이륙/착륙과 같은 개념이지 비행기 전원 on/off가 아니다)

■■■ 오라클 서버 연결 모드의 3가지 방법 ■■■
1. as sysdba
--> as sysdba로 연결하면 오라클 서버의 관리자로 연결
--user명 : sys
--오라클 서버 관리자로 연결되는 것이기에
--오라클 서버에서 제공하는 모든 기능을 전부 활용 가능
--오라클 서버가 startup 또는 shutdown 되어도 연결 가능
----> 기본적인 연결은 conn계정/패스워드 as sysdba 형태로 연결
2. as sysoper
--> as sysoper 로 연결하면 오라클 서버의 운영자로 연결
--user명 : public
--사용자 계정 정보 테이블에 접근하는 것은 불가능
--오라클 서버의 구동 및 중지 명령 수행 가능
--오라클 서버가 startup 또는 shutdown 되어도 연결 가능
---->기본적인 연결은 conn 계정/ 패스워드 as sysoper 형태로 연결하게 된다.
--                         conn 계정 as sysoper

3. normal
-->오라클 서버에 존재하는 일반적인 사용자로 연결되는 것이다
--오라클 서버가 구동중인 상태에서만 연결이 가능하고
--오라클 서버가 구동 중지 상태일 경우 연결이 불가능
--관리자가 부여해준 권한(또는 롤)을 통해섬나 사용 가능
----> 기본적인 연결은 conn 계정/패스워드 형태로 연결하게 된다
                            conn 계정








